Archive member included to satisfy reference by file (symbol)

C:/Users/anpan/AppData/Roaming/xPacks/@xpack-dev-tools/arm-none-eabi-gcc/14.2.1-1.1.1/.content/bin/../lib/gcc/arm-none-eabi/14.2.1/thumb/v6-m/nofp\libgcc.a(_udivsi3.o)
                              ./boot/reset_hdr.o (__aeabi_uidiv)
C:/Users/anpan/AppData/Roaming/xPacks/@xpack-dev-tools/arm-none-eabi-gcc/14.2.1-1.1.1/.content/bin/../lib/gcc/arm-none-eabi/14.2.1/thumb/v6-m/nofp\libgcc.a(_dvmd_tls.o)
                              C:/Users/anpan/AppData/Roaming/xPacks/@xpack-dev-tools/arm-none-eabi-gcc/14.2.1-1.1.1/.content/bin/../lib/gcc/arm-none-eabi/14.2.1/thumb/v6-m/nofp\libgcc.a(_udivsi3.o) (__aeabi_idiv0)
C:/Users/anpan/AppData/Roaming/xPacks/@xpack-dev-tools/arm-none-eabi-gcc/14.2.1-1.1.1/.content/bin/../lib/gcc/arm-none-eabi/14.2.1/thumb/v6-m/nofp\libgcc.a(_aeabi_uldivmod.o)
                              ./boot/reset_hdr.o (__aeabi_uldivmod)
C:/Users/anpan/AppData/Roaming/xPacks/@xpack-dev-tools/arm-none-eabi-gcc/14.2.1-1.1.1/.content/bin/../lib/gcc/arm-none-eabi/14.2.1/thumb/v6-m/nofp\libgcc.a(_udivmoddi4.o)
                              C:/Users/anpan/AppData/Roaming/xPacks/@xpack-dev-tools/arm-none-eabi-gcc/14.2.1-1.1.1/.content/bin/../lib/gcc/arm-none-eabi/14.2.1/thumb/v6-m/nofp\libgcc.a(_aeabi_uldivmod.o) (__udivmoddi4)
C:/Users/anpan/AppData/Roaming/xPacks/@xpack-dev-tools/arm-none-eabi-gcc/14.2.1-1.1.1/.content/bin/../lib/gcc/arm-none-eabi/14.2.1/thumb/v6-m/nofp\libgcc.a(_clzdi2.o)
                              C:/Users/anpan/AppData/Roaming/xPacks/@xpack-dev-tools/arm-none-eabi-gcc/14.2.1-1.1.1/.content/bin/../lib/gcc/arm-none-eabi/14.2.1/thumb/v6-m/nofp\libgcc.a(_udivmoddi4.o) (__clzdi2)
C:/Users/anpan/AppData/Roaming/xPacks/@xpack-dev-tools/arm-none-eabi-gcc/14.2.1-1.1.1/.content/bin/../lib/gcc/arm-none-eabi/14.2.1/thumb/v6-m/nofp\libgcc.a(_clzsi2.o)
                              C:/Users/anpan/AppData/Roaming/xPacks/@xpack-dev-tools/arm-none-eabi-gcc/14.2.1-1.1.1/.content/bin/../lib/gcc/arm-none-eabi/14.2.1/thumb/v6-m/nofp\libgcc.a(_clzdi2.o) (__clzsi2)

Discarded input sections

 .group         0x00000000        0xc ./kernel/context.o
 .group         0x00000000        0xc ./kernel/context.o
 .group         0x00000000        0xc ./kernel/context.o
 .group         0x00000000        0xc ./kernel/context.o
 .group         0x00000000        0xc ./kernel/context.o
 .group         0x00000000        0xc ./kernel/context.o
 .data          0x00000000        0x0 ./kernel/context.o
 .bss           0x00000000        0x0 ./kernel/context.o
 .data          0x00000000        0x0 ./kernel/dispatch.o
 .bss           0x00000000        0x0 ./kernel/dispatch.o
 .group         0x00000000        0xc ./kernel/eventflag.o
 .group         0x00000000        0xc ./kernel/eventflag.o
 .group         0x00000000        0xc ./kernel/eventflag.o
 .group         0x00000000        0xc ./kernel/eventflag.o
 .group         0x00000000        0xc ./kernel/eventflag.o
 .group         0x00000000        0xc ./kernel/eventflag.o
 .group         0x00000000        0xc ./kernel/eventflag.o
 .group         0x00000000        0xc ./kernel/eventflag.o
 .group         0x00000000        0xc ./kernel/eventflag.o
 .data          0x00000000        0x0 ./kernel/eventflag.o
 .debug_macro   0x00000000      0xa96 ./kernel/eventflag.o
 .debug_macro   0x00000000      0x34e ./kernel/eventflag.o
 .debug_macro   0x00000000       0x16 ./kernel/eventflag.o
 .debug_macro   0x00000000      0x2f9 ./kernel/eventflag.o
 .debug_macro   0x00000000       0x28 ./kernel/eventflag.o
 .debug_macro   0x00000000       0x16 ./kernel/eventflag.o
 .group         0x00000000        0xc ./kernel/inittsk.o
 .group         0x00000000        0xc ./kernel/inittsk.o
 .group         0x00000000        0xc ./kernel/inittsk.o
 .group         0x00000000        0xc ./kernel/inittsk.o
 .group         0x00000000        0xc ./kernel/inittsk.o
 .group         0x00000000        0xc ./kernel/inittsk.o
 .group         0x00000000        0xc ./kernel/inittsk.o
 .group         0x00000000        0xc ./kernel/inittsk.o
 .group         0x00000000        0xc ./kernel/inittsk.o
 .debug_macro   0x00000000      0xa96 ./kernel/inittsk.o
 .debug_macro   0x00000000      0x34e ./kernel/inittsk.o
 .debug_macro   0x00000000       0x16 ./kernel/inittsk.o
 .debug_macro   0x00000000      0x2f9 ./kernel/inittsk.o
 .debug_macro   0x00000000       0x28 ./kernel/inittsk.o
 .debug_macro   0x00000000       0x22 ./kernel/inittsk.o
 .debug_macro   0x00000000       0x8e ./kernel/inittsk.o
 .debug_macro   0x00000000       0x16 ./kernel/inittsk.o
 .debug_macro   0x00000000       0x8e ./kernel/inittsk.o
 .group         0x00000000        0xc ./kernel/scheduler.o
 .group         0x00000000        0xc ./kernel/scheduler.o
 .group         0x00000000        0xc ./kernel/scheduler.o
 .group         0x00000000        0xc ./kernel/scheduler.o
 .group         0x00000000        0xc ./kernel/scheduler.o
 .group         0x00000000        0xc ./kernel/scheduler.o
 .group         0x00000000        0xc ./kernel/scheduler.o
 .group         0x00000000        0xc ./kernel/scheduler.o
 .group         0x00000000        0xc ./kernel/scheduler.o
 .data          0x00000000        0x0 ./kernel/scheduler.o
 .debug_macro   0x00000000      0xa96 ./kernel/scheduler.o
 .debug_macro   0x00000000      0x34e ./kernel/scheduler.o
 .debug_macro   0x00000000       0x16 ./kernel/scheduler.o
 .debug_macro   0x00000000      0x2f9 ./kernel/scheduler.o
 .debug_macro   0x00000000       0x28 ./kernel/scheduler.o
 .debug_macro   0x00000000       0x22 ./kernel/scheduler.o
 .debug_macro   0x00000000       0x8e ./kernel/scheduler.o
 .debug_macro   0x00000000       0x16 ./kernel/scheduler.o
 .debug_macro   0x00000000       0x8e ./kernel/scheduler.o
 .group         0x00000000        0xc ./kernel/semaphore.o
 .group         0x00000000        0xc ./kernel/semaphore.o
 .group         0x00000000        0xc ./kernel/semaphore.o
 .group         0x00000000        0xc ./kernel/semaphore.o
 .group         0x00000000        0xc ./kernel/semaphore.o
 .group         0x00000000        0xc ./kernel/semaphore.o
 .group         0x00000000        0xc ./kernel/semaphore.o
 .group         0x00000000        0xc ./kernel/semaphore.o
 .group         0x00000000        0xc ./kernel/semaphore.o
 .data          0x00000000        0x0 ./kernel/semaphore.o
 .debug_macro   0x00000000      0xa96 ./kernel/semaphore.o
 .debug_macro   0x00000000      0x34e ./kernel/semaphore.o
 .debug_macro   0x00000000       0x16 ./kernel/semaphore.o
 .debug_macro   0x00000000      0x2f9 ./kernel/semaphore.o
 .debug_macro   0x00000000       0x28 ./kernel/semaphore.o
 .debug_macro   0x00000000       0x22 ./kernel/semaphore.o
 .debug_macro   0x00000000       0x8e ./kernel/semaphore.o
 .debug_macro   0x00000000       0x16 ./kernel/semaphore.o
 .debug_macro   0x00000000       0x8e ./kernel/semaphore.o
 .group         0x00000000        0xc ./kernel/syslib.o
 .group         0x00000000        0xc ./kernel/syslib.o
 .group         0x00000000        0xc ./kernel/syslib.o
 .group         0x00000000        0xc ./kernel/syslib.o
 .group         0x00000000        0xc ./kernel/syslib.o
 .group         0x00000000        0xc ./kernel/syslib.o
 .group         0x00000000        0xc ./kernel/syslib.o
 .group         0x00000000        0xc ./kernel/syslib.o
 .group         0x00000000        0xc ./kernel/syslib.o
 .data          0x00000000        0x0 ./kernel/syslib.o
 .bss           0x00000000        0x0 ./kernel/syslib.o
 .debug_macro   0x00000000      0xa96 ./kernel/syslib.o
 .debug_macro   0x00000000      0x34e ./kernel/syslib.o
 .debug_macro   0x00000000       0x16 ./kernel/syslib.o
 .debug_macro   0x00000000      0x2f9 ./kernel/syslib.o
 .debug_macro   0x00000000       0x28 ./kernel/syslib.o
 .debug_macro   0x00000000       0x22 ./kernel/syslib.o
 .debug_macro   0x00000000       0x8e ./kernel/syslib.o
 .debug_macro   0x00000000       0x16 ./kernel/syslib.o
 .debug_macro   0x00000000       0x8e ./kernel/syslib.o
 .group         0x00000000        0xc ./kernel/systimer.o
 .group         0x00000000        0xc ./kernel/systimer.o
 .group         0x00000000        0xc ./kernel/systimer.o
 .group         0x00000000        0xc ./kernel/systimer.o
 .group         0x00000000        0xc ./kernel/systimer.o
 .group         0x00000000        0xc ./kernel/systimer.o
 .group         0x00000000        0xc ./kernel/systimer.o
 .group         0x00000000        0xc ./kernel/systimer.o
 .group         0x00000000        0xc ./kernel/systimer.o
 .data          0x00000000        0x0 ./kernel/systimer.o
 .debug_macro   0x00000000      0xa96 ./kernel/systimer.o
 .debug_macro   0x00000000      0x34e ./kernel/systimer.o
 .debug_macro   0x00000000       0x16 ./kernel/systimer.o
 .debug_macro   0x00000000      0x2f9 ./kernel/systimer.o
 .debug_macro   0x00000000       0x28 ./kernel/systimer.o
 .debug_macro   0x00000000       0x22 ./kernel/systimer.o
 .debug_macro   0x00000000       0x8e ./kernel/systimer.o
 .debug_macro   0x00000000       0x16 ./kernel/systimer.o
 .debug_macro   0x00000000       0x8e ./kernel/systimer.o
 .group         0x00000000        0xc ./kernel/task_mange.o
 .group         0x00000000        0xc ./kernel/task_mange.o
 .group         0x00000000        0xc ./kernel/task_mange.o
 .group         0x00000000        0xc ./kernel/task_mange.o
 .group         0x00000000        0xc ./kernel/task_mange.o
 .group         0x00000000        0xc ./kernel/task_mange.o
 .group         0x00000000        0xc ./kernel/task_mange.o
 .group         0x00000000        0xc ./kernel/task_mange.o
 .group         0x00000000        0xc ./kernel/task_mange.o
 .data          0x00000000        0x0 ./kernel/task_mange.o
 .debug_macro   0x00000000      0xa96 ./kernel/task_mange.o
 .debug_macro   0x00000000      0x34e ./kernel/task_mange.o
 .debug_macro   0x00000000       0x16 ./kernel/task_mange.o
 .debug_macro   0x00000000      0x2f9 ./kernel/task_mange.o
 .debug_macro   0x00000000       0x28 ./kernel/task_mange.o
 .debug_macro   0x00000000       0x22 ./kernel/task_mange.o
 .debug_macro   0x00000000       0x8e ./kernel/task_mange.o
 .debug_macro   0x00000000       0x16 ./kernel/task_mange.o
 .debug_macro   0x00000000       0x8e ./kernel/task_mange.o
 .group         0x00000000        0xc ./kernel/task_queue.o
 .group         0x00000000        0xc ./kernel/task_queue.o
 .group         0x00000000        0xc ./kernel/task_queue.o
 .group         0x00000000        0xc ./kernel/task_queue.o
 .group         0x00000000        0xc ./kernel/task_queue.o
 .group         0x00000000        0xc ./kernel/task_queue.o
 .group         0x00000000        0xc ./kernel/task_queue.o
 .group         0x00000000        0xc ./kernel/task_queue.o
 .group         0x00000000        0xc ./kernel/task_queue.o
 .data          0x00000000        0x0 ./kernel/task_queue.o
 .bss           0x00000000        0x0 ./kernel/task_queue.o
 .debug_macro   0x00000000      0xa96 ./kernel/task_queue.o
 .debug_macro   0x00000000      0x34e ./kernel/task_queue.o
 .debug_macro   0x00000000       0x16 ./kernel/task_queue.o
 .debug_macro   0x00000000      0x2f9 ./kernel/task_queue.o
 .debug_macro   0x00000000       0x28 ./kernel/task_queue.o
 .debug_macro   0x00000000       0x22 ./kernel/task_queue.o
 .debug_macro   0x00000000       0x8e ./kernel/task_queue.o
 .debug_macro   0x00000000       0x16 ./kernel/task_queue.o
 .debug_macro   0x00000000       0x8e ./kernel/task_queue.o
 .group         0x00000000        0xc ./kernel/task_sync.o
 .group         0x00000000        0xc ./kernel/task_sync.o
 .group         0x00000000        0xc ./kernel/task_sync.o
 .group         0x00000000        0xc ./kernel/task_sync.o
 .group         0x00000000        0xc ./kernel/task_sync.o
 .group         0x00000000        0xc ./kernel/task_sync.o
 .group         0x00000000        0xc ./kernel/task_sync.o
 .group         0x00000000        0xc ./kernel/task_sync.o
 .group         0x00000000        0xc ./kernel/task_sync.o
 .data          0x00000000        0x0 ./kernel/task_sync.o
 .bss           0x00000000        0x0 ./kernel/task_sync.o
 .debug_macro   0x00000000      0xa96 ./kernel/task_sync.o
 .debug_macro   0x00000000      0x34e ./kernel/task_sync.o
 .debug_macro   0x00000000       0x16 ./kernel/task_sync.o
 .debug_macro   0x00000000      0x2f9 ./kernel/task_sync.o
 .debug_macro   0x00000000       0x28 ./kernel/task_sync.o
 .debug_macro   0x00000000       0x22 ./kernel/task_sync.o
 .debug_macro   0x00000000       0x8e ./kernel/task_sync.o
 .debug_macro   0x00000000       0x16 ./kernel/task_sync.o
 .debug_macro   0x00000000       0x8e ./kernel/task_sync.o
 .group         0x00000000        0xc ./boot/boot2.o
 .text          0x00000000        0x0 ./boot/boot2.o
 .data          0x00000000        0x0 ./boot/boot2.o
 .bss           0x00000000        0x0 ./boot/boot2.o
 .debug_macro   0x00000000      0xa96 ./boot/boot2.o
 .group         0x00000000        0xc ./boot/reset_hdr.o
 .group         0x00000000        0xc ./boot/reset_hdr.o
 .group         0x00000000        0xc ./boot/reset_hdr.o
 .group         0x00000000        0xc ./boot/reset_hdr.o
 .group         0x00000000        0xc ./boot/reset_hdr.o
 .group         0x00000000        0xc ./boot/reset_hdr.o
 .data          0x00000000        0x0 ./boot/reset_hdr.o
 .bss           0x00000000        0x0 ./boot/reset_hdr.o
 .debug_macro   0x00000000      0xa96 ./boot/reset_hdr.o
 .debug_macro   0x00000000      0x34e ./boot/reset_hdr.o
 .debug_macro   0x00000000       0x16 ./boot/reset_hdr.o
 .debug_macro   0x00000000      0x2f9 ./boot/reset_hdr.o
 .debug_macro   0x00000000       0x28 ./boot/reset_hdr.o
 .debug_macro   0x00000000       0x16 ./boot/reset_hdr.o
 .group         0x00000000        0xc ./boot/vector_tbl.o
 .group         0x00000000        0xc ./boot/vector_tbl.o
 .group         0x00000000        0xc ./boot/vector_tbl.o
 .group         0x00000000        0xc ./boot/vector_tbl.o
 .group         0x00000000        0xc ./boot/vector_tbl.o
 .group         0x00000000        0xc ./boot/vector_tbl.o
 .data          0x00000000        0x0 ./boot/vector_tbl.o
 .bss           0x00000000        0x0 ./boot/vector_tbl.o
 .debug_macro   0x00000000      0xa96 ./boot/vector_tbl.o
 .debug_macro   0x00000000      0x34e ./boot/vector_tbl.o
 .debug_macro   0x00000000       0x16 ./boot/vector_tbl.o
 .debug_macro   0x00000000      0x2f9 ./boot/vector_tbl.o
 .debug_macro   0x00000000       0x28 ./boot/vector_tbl.o
 .debug_macro   0x00000000       0x16 ./boot/vector_tbl.o
 .group         0x00000000        0xc ./application/usermain.o
 .group         0x00000000        0xc ./application/usermain.o
 .group         0x00000000        0xc ./application/usermain.o
 .group         0x00000000        0xc ./application/usermain.o
 .group         0x00000000        0xc ./application/usermain.o
 .group         0x00000000        0xc ./application/usermain.o
 .group         0x00000000        0xc ./application/usermain.o
 .group         0x00000000        0xc ./application/usermain.o
 .group         0x00000000        0xc ./application/usermain.o
 .debug_macro   0x00000000      0xa96 ./application/usermain.o
 .debug_macro   0x00000000      0x34e ./application/usermain.o
 .debug_macro   0x00000000       0x16 ./application/usermain.o
 .debug_macro   0x00000000      0x2f9 ./application/usermain.o
 .debug_macro   0x00000000       0x28 ./application/usermain.o
 .debug_macro   0x00000000       0x22 ./application/usermain.o
 .debug_macro   0x00000000       0x8e ./application/usermain.o
 .debug_macro   0x00000000       0x16 ./application/usermain.o
 .debug_macro   0x00000000       0x8e ./application/usermain.o
 .data          0x00000000        0x0 C:/Users/anpan/AppData/Roaming/xPacks/@xpack-dev-tools/arm-none-eabi-gcc/14.2.1-1.1.1/.content/bin/../lib/gcc/arm-none-eabi/14.2.1/thumb/v6-m/nofp\libgcc.a(_udivsi3.o)
 .bss           0x00000000        0x0 C:/Users/anpan/AppData/Roaming/xPacks/@xpack-dev-tools/arm-none-eabi-gcc/14.2.1-1.1.1/.content/bin/../lib/gcc/arm-none-eabi/14.2.1/thumb/v6-m/nofp\libgcc.a(_udivsi3.o)
 .data          0x00000000        0x0 C:/Users/anpan/AppData/Roaming/xPacks/@xpack-dev-tools/arm-none-eabi-gcc/14.2.1-1.1.1/.content/bin/../lib/gcc/arm-none-eabi/14.2.1/thumb/v6-m/nofp\libgcc.a(_dvmd_tls.o)
 .bss           0x00000000        0x0 C:/Users/anpan/AppData/Roaming/xPacks/@xpack-dev-tools/arm-none-eabi-gcc/14.2.1-1.1.1/.content/bin/../lib/gcc/arm-none-eabi/14.2.1/thumb/v6-m/nofp\libgcc.a(_dvmd_tls.o)
 .data          0x00000000        0x0 C:/Users/anpan/AppData/Roaming/xPacks/@xpack-dev-tools/arm-none-eabi-gcc/14.2.1-1.1.1/.content/bin/../lib/gcc/arm-none-eabi/14.2.1/thumb/v6-m/nofp\libgcc.a(_aeabi_uldivmod.o)
 .bss           0x00000000        0x0 C:/Users/anpan/AppData/Roaming/xPacks/@xpack-dev-tools/arm-none-eabi-gcc/14.2.1-1.1.1/.content/bin/../lib/gcc/arm-none-eabi/14.2.1/thumb/v6-m/nofp\libgcc.a(_aeabi_uldivmod.o)
 .text          0x00000000        0x0 C:/Users/anpan/AppData/Roaming/xPacks/@xpack-dev-tools/arm-none-eabi-gcc/14.2.1-1.1.1/.content/bin/../lib/gcc/arm-none-eabi/14.2.1/thumb/v6-m/nofp\libgcc.a(_udivmoddi4.o)
 .data          0x00000000        0x0 C:/Users/anpan/AppData/Roaming/xPacks/@xpack-dev-tools/arm-none-eabi-gcc/14.2.1-1.1.1/.content/bin/../lib/gcc/arm-none-eabi/14.2.1/thumb/v6-m/nofp\libgcc.a(_udivmoddi4.o)
 .bss           0x00000000        0x0 C:/Users/anpan/AppData/Roaming/xPacks/@xpack-dev-tools/arm-none-eabi-gcc/14.2.1-1.1.1/.content/bin/../lib/gcc/arm-none-eabi/14.2.1/thumb/v6-m/nofp\libgcc.a(_udivmoddi4.o)
 .ARM.extab.text.__udivmoddi4
                0x00000000        0x0 C:/Users/anpan/AppData/Roaming/xPacks/@xpack-dev-tools/arm-none-eabi-gcc/14.2.1-1.1.1/.content/bin/../lib/gcc/arm-none-eabi/14.2.1/thumb/v6-m/nofp\libgcc.a(_udivmoddi4.o)
 .data          0x00000000        0x0 C:/Users/anpan/AppData/Roaming/xPacks/@xpack-dev-tools/arm-none-eabi-gcc/14.2.1-1.1.1/.content/bin/../lib/gcc/arm-none-eabi/14.2.1/thumb/v6-m/nofp\libgcc.a(_clzdi2.o)
 .bss           0x00000000        0x0 C:/Users/anpan/AppData/Roaming/xPacks/@xpack-dev-tools/arm-none-eabi-gcc/14.2.1-1.1.1/.content/bin/../lib/gcc/arm-none-eabi/14.2.1/thumb/v6-m/nofp\libgcc.a(_clzdi2.o)
 .data          0x00000000        0x0 C:/Users/anpan/AppData/Roaming/xPacks/@xpack-dev-tools/arm-none-eabi-gcc/14.2.1-1.1.1/.content/bin/../lib/gcc/arm-none-eabi/14.2.1/thumb/v6-m/nofp\libgcc.a(_clzsi2.o)
 .bss           0x00000000        0x0 C:/Users/anpan/AppData/Roaming/xPacks/@xpack-dev-tools/arm-none-eabi-gcc/14.2.1-1.1.1/.content/bin/../lib/gcc/arm-none-eabi/14.2.1/thumb/v6-m/nofp\libgcc.a(_clzsi2.o)

Memory Configuration

Name             Origin             Length             Attributes
ROM              0x10000000         0x00200000         xr
RAM              0x20000000         0x00040000         xrw
*default*        0x00000000         0xffffffff

Linker script and memory map

LOAD ./kernel/context.o
LOAD ./kernel/dispatch.o
LOAD ./kernel/eventflag.o
LOAD ./kernel/inittsk.o
LOAD ./kernel/scheduler.o
LOAD ./kernel/semaphore.o
LOAD ./kernel/syslib.o
LOAD ./kernel/systimer.o
LOAD ./kernel/task_mange.o
LOAD ./kernel/task_queue.o
LOAD ./kernel/task_sync.o
LOAD ./boot/boot2.o
LOAD ./boot/reset_hdr.o
LOAD ./boot/vector_tbl.o
LOAD ./application/usermain.o
START GROUP
LOAD C:/Users/anpan/AppData/Roaming/xPacks/@xpack-dev-tools/arm-none-eabi-gcc/14.2.1-1.1.1/.content/bin/../lib/gcc/arm-none-eabi/14.2.1/thumb/v6-m/nofp\libgcc.a
LOAD C:/Users/anpan/AppData/Roaming/xPacks/@xpack-dev-tools/arm-none-eabi-gcc/14.2.1-1.1.1/.content/bin/../lib/gcc/arm-none-eabi/14.2.1/../../../../arm-none-eabi/lib/thumb/v6-m/nofp\libg.a
LOAD C:/Users/anpan/AppData/Roaming/xPacks/@xpack-dev-tools/arm-none-eabi-gcc/14.2.1-1.1.1/.content/bin/../lib/gcc/arm-none-eabi/14.2.1/../../../../arm-none-eabi/lib/thumb/v6-m/nofp\libc.a
END GROUP

boot2           0x10000000      0x100
                0x10000000                        __boot2_start__ = .
 *(.boot2)
 .boot2         0x10000000      0x100 ./boot/boot2.o
                0x10000000                boot2
                0x10000100                        __boot2_end__ = .
                0x00000001                        ASSERT (((__boot2_end__ - __boot2_start__) == 0x100), ERROR: Pico second stage bootloader must be 256 bytes in size)

.text           0x10000100     0x1c4e
                0x10000100                        __vector_org = .
 *(.vector)
 .vector        0x10000100       0xbc ./boot/vector_tbl.o
                0x10000100                vector_tbl
 *(EXCLUDE_FILE(*libm.a: *libc.a:*lib_a-mem*.o *libgcc.a:) .text*)
 .text          0x100001bc       0x38 ./kernel/context.o
                0x100001bc                make_context
 .text          0x100001f4       0x68 ./kernel/dispatch.o
                0x100001f4                dispatch_entry
 .text          0x1000025c      0x39c ./kernel/eventflag.o
                0x10000288                tk_cre_flg
                0x10000336                tk_set_flg
                0x10000458                tk_clr_flg
                0x100004c8                tk_wai_flg
 .text          0x100005f8       0x60 ./kernel/inittsk.o
                0x100005f8                initsk
                0x10000624                main
 .text          0x10000658       0xc8 ./kernel/scheduler.o
                0x1000068c                scheduler
 .text          0x10000720      0x2d8 ./kernel/semaphore.o
                0x1000074c                tk_cre_sem
                0x100007e8                tk_wai_sem
                0x100008e4                tk_sig_sem
 .text          0x100009f8       0xc8 ./kernel/syslib.o
                0x10000a24                tm_com_init
                0x10000a6c                tm_putstring
 .text          0x10000ac0       0x88 ./kernel/systimer.o
                0x10000ac0                systimer_handler
 .text          0x10000b48      0x220 ./kernel/task_mange.o
                0x10000b74                tk_cre_tsk
                0x10000c80                tk_sta_tsk
                0x10000d1c                tk_ext_tsk
 .text          0x10000d68       0xd2 ./kernel/task_queue.o
                0x10000d68                tqueue_add_entry
                0x10000db2                tqueue_remove_top
                0x10000dec                tqueue_remove_entry
 *fill*         0x10000e3a        0x2 
 .text          0x10000e3c      0x218 ./kernel/task_sync.o
                0x10000e68                tk_dly_tsk
                0x10000ef0                tk_slp_tsk
                0x10000f94                tk_wup_tsk
 .text          0x10001054      0x648 ./boot/reset_hdr.o
                0x10001658                Reset_Handler
 .text          0x1000169c        0x6 ./boot/vector_tbl.o
                0x1000169c                Default_Handler
 *fill*         0x100016a2        0x2 
 .text          0x100016a4      0x310 ./application/usermain.o
                0x100016d0                task_btn
                0x100017f4                task_led1
                0x10001888                task_led2
                0x10001914                usermain
                0x100019b4                        __start = .
 *(.text)
 .text          0x100019b4      0x114 C:/Users/anpan/AppData/Roaming/xPacks/@xpack-dev-tools/arm-none-eabi-gcc/14.2.1-1.1.1/.content/bin/../lib/gcc/arm-none-eabi/14.2.1/thumb/v6-m/nofp\libgcc.a(_udivsi3.o)
                0x100019b4                __aeabi_uidiv
                0x100019b4                __udivsi3
                0x10001ac0                __aeabi_uidivmod
 .text          0x10001ac8        0x4 C:/Users/anpan/AppData/Roaming/xPacks/@xpack-dev-tools/arm-none-eabi-gcc/14.2.1-1.1.1/.content/bin/../lib/gcc/arm-none-eabi/14.2.1/thumb/v6-m/nofp\libgcc.a(_dvmd_tls.o)
                0x10001ac8                __aeabi_idiv0
                0x10001ac8                __aeabi_ldiv0
 .text          0x10001acc       0x40 C:/Users/anpan/AppData/Roaming/xPacks/@xpack-dev-tools/arm-none-eabi-gcc/14.2.1-1.1.1/.content/bin/../lib/gcc/arm-none-eabi/14.2.1/thumb/v6-m/nofp\libgcc.a(_aeabi_uldivmod.o)
                0x10001acc                __aeabi_uldivmod
 .text          0x10001b0c       0x18 C:/Users/anpan/AppData/Roaming/xPacks/@xpack-dev-tools/arm-none-eabi-gcc/14.2.1-1.1.1/.content/bin/../lib/gcc/arm-none-eabi/14.2.1/thumb/v6-m/nofp\libgcc.a(_clzdi2.o)
                0x10001b0c                __clzdi2
 .text          0x10001b24       0x3c C:/Users/anpan/AppData/Roaming/xPacks/@xpack-dev-tools/arm-none-eabi-gcc/14.2.1-1.1.1/.content/bin/../lib/gcc/arm-none-eabi/14.2.1/thumb/v6-m/nofp\libgcc.a(_clzsi2.o)
                0x10001b24                __clzsi2
 *(.text.*)
 .text.__udivmoddi4
                0x10001b60      0x198 C:/Users/anpan/AppData/Roaming/xPacks/@xpack-dev-tools/arm-none-eabi-gcc/14.2.1-1.1.1/.content/bin/../lib/gcc/arm-none-eabi/14.2.1/thumb/v6-m/nofp\libgcc.a(_udivmoddi4.o)
                0x10001b60                __udivmoddi4
 *(.rodata)
 .rodata        0x10001cf8       0x28 ./kernel/inittsk.o
 .rodata        0x10001d20       0x15 ./kernel/scheduler.o
 *fill*         0x10001d35        0x3 
 .rodata        0x10001d38       0x16 ./application/usermain.o
 *(.rodata.*)

.glue_7         0x10001d50        0x0
 .glue_7        0x10001d50        0x0 linker stubs

.glue_7t        0x10001d50        0x0
 .glue_7t       0x10001d50        0x0 linker stubs

.vfp11_veneer   0x10001d50        0x0
 .vfp11_veneer  0x10001d50        0x0 linker stubs

.v4_bx          0x10001d50        0x0
 .v4_bx         0x10001d50        0x0 linker stubs

.iplt           0x10001d50        0x0
 .iplt          0x10001d50        0x0 ./kernel/dispatch.o

.ARM.extab
 *(.ARM.extab* .gnu.linkonce.armextab.*)
                0x10001d4e                        __exidx_start = .

.ARM.exidx      0x10001d50        0x8
 *(.ARM.exidx* .gnu.linkonce.armexidx.*)
 .ARM.exidx.text.__udivmoddi4
                0x10001d50        0x8 C:/Users/anpan/AppData/Roaming/xPacks/@xpack-dev-tools/arm-none-eabi-gcc/14.2.1-1.1.1/.content/bin/../lib/gcc/arm-none-eabi/14.2.1/thumb/v6-m/nofp\libgcc.a(_udivmoddi4.o)
                0x10001d58                        __exidx_end = .
                0x10001d58                        __data_org = .

.rel.dyn        0x10001d58        0x0
 .rel.iplt      0x10001d58        0x0 ./kernel/dispatch.o

.data           0x20000000       0x64 load address 0x10001d58
                0x20000000                        __data_start = .
 *(.data)
 .data          0x20000000       0x14 ./kernel/inittsk.o
                0x20000000                ctsk_ini
 .data          0x20000014       0x50 ./application/usermain.o
                0x20000014                cflg
                0x2000001c                csem
                0x20000028                ctsk_btn
                0x2000003c                ctsk_led1
                0x20000050                ctsk_led2
 *(.data.*)
                0x20000064                        . = ALIGN (0x4)
                0x20000064                        __data_end = .

.igot.plt       0x20000064        0x0 load address 0x10001dbc
 .igot.plt      0x20000064        0x0 ./kernel/dispatch.o

.bss            0x20000064     0x1608 load address 0x10001dbc
                0x20000064                        __bss_start = .
 *(.bss)
 .bss           0x20000064       0x40 ./kernel/eventflag.o
                0x20000064                flgcb_tbl
 .bss           0x200000a4      0x104 ./kernel/inittsk.o
                0x200000a4                tskstk_ini
                0x200001a4                tskid_ini
 .bss           0x200001a8       0x4c ./kernel/scheduler.o
                0x200001a8                ready_queue
                0x200001e8                cur_task
                0x200001ec                sche_task
                0x200001f0                disp_running
 .bss           0x200001f4       0x60 ./kernel/semaphore.o
                0x200001f4                semcb_tbl
 .bss           0x20000254        0x4 ./kernel/systimer.o
                0x20000254                wait_queue
 .bss           0x20000258      0x800 ./kernel/task_mange.o
                0x20000258                tcb_tbl
 .bss           0x20000a58      0xc14 ./application/usermain.o
                0x20000a58                flgid
                0x20000a5c                semid
                0x20000a60                tskstk_btn
                0x20000e60                tskid_btn
                0x20000e64                tskstk_led1
                0x20001264                tskid_led1
                0x20001268                tskstk_led2
                0x20001668                tskid_led2
 *(.bss.*)
 *(COMMON)
                0x2000166c                        . = ALIGN (0x4)
                0x2000166c                        __bss_end = .
                0x2000166c                        __end = .
OUTPUT(RTOS.elf elf32-littlearm)
LOAD linker stubs

.debug_info     0x00000000     0x3178
 .debug_info    0x00000000      0x171 ./kernel/context.o
 .debug_info    0x00000171       0x24 ./kernel/dispatch.o
 .debug_info    0x00000195      0x5e5 ./kernel/eventflag.o
 .debug_info    0x0000077a      0x24e ./kernel/inittsk.o
 .debug_info    0x000009c8      0x35f ./kernel/scheduler.o
 .debug_info    0x00000d27      0x534 ./kernel/semaphore.o
 .debug_info    0x0000125b      0x154 ./kernel/syslib.o
 .debug_info    0x000013af      0x2d8 ./kernel/systimer.o
 .debug_info    0x00001687      0x4a7 ./kernel/task_mange.o
 .debug_info    0x00001b2e      0x2fa ./kernel/task_queue.o
 .debug_info    0x00001e28      0x412 ./kernel/task_sync.o
 .debug_info    0x0000223a       0x5d ./boot/boot2.o
 .debug_info    0x00002297      0x3dc ./boot/reset_hdr.o
 .debug_info    0x00002673       0xd1 ./boot/vector_tbl.o
 .debug_info    0x00002744      0x583 ./application/usermain.o
 .debug_info    0x00002cc7       0x3e C:/Users/anpan/AppData/Roaming/xPacks/@xpack-dev-tools/arm-none-eabi-gcc/14.2.1-1.1.1/.content/bin/../lib/gcc/arm-none-eabi/14.2.1/thumb/v6-m/nofp\libgcc.a(_udivsi3.o)
 .debug_info    0x00002d05       0x3c C:/Users/anpan/AppData/Roaming/xPacks/@xpack-dev-tools/arm-none-eabi-gcc/14.2.1-1.1.1/.content/bin/../lib/gcc/arm-none-eabi/14.2.1/thumb/v6-m/nofp\libgcc.a(_dvmd_tls.o)
 .debug_info    0x00002d41       0x31 C:/Users/anpan/AppData/Roaming/xPacks/@xpack-dev-tools/arm-none-eabi-gcc/14.2.1-1.1.1/.content/bin/../lib/gcc/arm-none-eabi/14.2.1/thumb/v6-m/nofp\libgcc.a(_aeabi_uldivmod.o)
 .debug_info    0x00002d72      0x3b1 C:/Users/anpan/AppData/Roaming/xPacks/@xpack-dev-tools/arm-none-eabi-gcc/14.2.1-1.1.1/.content/bin/../lib/gcc/arm-none-eabi/14.2.1/thumb/v6-m/nofp\libgcc.a(_udivmoddi4.o)
 .debug_info    0x00003123       0x24 C:/Users/anpan/AppData/Roaming/xPacks/@xpack-dev-tools/arm-none-eabi-gcc/14.2.1-1.1.1/.content/bin/../lib/gcc/arm-none-eabi/14.2.1/thumb/v6-m/nofp\libgcc.a(_clzdi2.o)
 .debug_info    0x00003147       0x31 C:/Users/anpan/AppData/Roaming/xPacks/@xpack-dev-tools/arm-none-eabi-gcc/14.2.1-1.1.1/.content/bin/../lib/gcc/arm-none-eabi/14.2.1/thumb/v6-m/nofp\libgcc.a(_clzsi2.o)

.debug_abbrev   0x00000000     0x14a7
 .debug_abbrev  0x00000000       0xfe ./kernel/context.o
 .debug_abbrev  0x000000fe       0x14 ./kernel/dispatch.o
 .debug_abbrev  0x00000112      0x1c8 ./kernel/eventflag.o
 .debug_abbrev  0x000002da      0x144 ./kernel/inittsk.o
 .debug_abbrev  0x0000041e      0x1bd ./kernel/scheduler.o
 .debug_abbrev  0x000005db      0x1c8 ./kernel/semaphore.o
 .debug_abbrev  0x000007a3       0xf7 ./kernel/syslib.o
 .debug_abbrev  0x0000089a      0x147 ./kernel/systimer.o
 .debug_abbrev  0x000009e1      0x206 ./kernel/task_mange.o
 .debug_abbrev  0x00000be7      0x150 ./kernel/task_queue.o
 .debug_abbrev  0x00000d37      0x1a6 ./kernel/task_sync.o
 .debug_abbrev  0x00000edd       0x49 ./boot/boot2.o
 .debug_abbrev  0x00000f26      0x16d ./boot/reset_hdr.o
 .debug_abbrev  0x00001093       0x9a ./boot/vector_tbl.o
 .debug_abbrev  0x0000112d      0x1a8 ./application/usermain.o
 .debug_abbrev  0x000012d5       0x28 C:/Users/anpan/AppData/Roaming/xPacks/@xpack-dev-tools/arm-none-eabi-gcc/14.2.1-1.1.1/.content/bin/../lib/gcc/arm-none-eabi/14.2.1/thumb/v6-m/nofp\libgcc.a(_udivsi3.o)
 .debug_abbrev  0x000012fd       0x26 C:/Users/anpan/AppData/Roaming/xPacks/@xpack-dev-tools/arm-none-eabi-gcc/14.2.1-1.1.1/.content/bin/../lib/gcc/arm-none-eabi/14.2.1/thumb/v6-m/nofp\libgcc.a(_dvmd_tls.o)
 .debug_abbrev  0x00001323       0x28 C:/Users/anpan/AppData/Roaming/xPacks/@xpack-dev-tools/arm-none-eabi-gcc/14.2.1-1.1.1/.content/bin/../lib/gcc/arm-none-eabi/14.2.1/thumb/v6-m/nofp\libgcc.a(_aeabi_uldivmod.o)
 .debug_abbrev  0x0000134b      0x120 C:/Users/anpan/AppData/Roaming/xPacks/@xpack-dev-tools/arm-none-eabi-gcc/14.2.1-1.1.1/.content/bin/../lib/gcc/arm-none-eabi/14.2.1/thumb/v6-m/nofp\libgcc.a(_udivmoddi4.o)
 .debug_abbrev  0x0000146b       0x14 C:/Users/anpan/AppData/Roaming/xPacks/@xpack-dev-tools/arm-none-eabi-gcc/14.2.1-1.1.1/.content/bin/../lib/gcc/arm-none-eabi/14.2.1/thumb/v6-m/nofp\libgcc.a(_clzdi2.o)
 .debug_abbrev  0x0000147f       0x28 C:/Users/anpan/AppData/Roaming/xPacks/@xpack-dev-tools/arm-none-eabi-gcc/14.2.1-1.1.1/.content/bin/../lib/gcc/arm-none-eabi/14.2.1/thumb/v6-m/nofp\libgcc.a(_clzsi2.o)

.debug_aranges  0x00000000      0x298
 .debug_aranges
                0x00000000       0x20 ./kernel/context.o
 .debug_aranges
                0x00000020       0x20 ./kernel/dispatch.o
 .debug_aranges
                0x00000040       0x20 ./kernel/eventflag.o
 .debug_aranges
                0x00000060       0x20 ./kernel/inittsk.o
 .debug_aranges
                0x00000080       0x20 ./kernel/scheduler.o
 .debug_aranges
                0x000000a0       0x20 ./kernel/semaphore.o
 .debug_aranges
                0x000000c0       0x20 ./kernel/syslib.o
 .debug_aranges
                0x000000e0       0x20 ./kernel/systimer.o
 .debug_aranges
                0x00000100       0x20 ./kernel/task_mange.o
 .debug_aranges
                0x00000120       0x20 ./kernel/task_queue.o
 .debug_aranges
                0x00000140       0x20 ./kernel/task_sync.o
 .debug_aranges
                0x00000160       0x18 ./boot/boot2.o
 .debug_aranges
                0x00000178       0x20 ./boot/reset_hdr.o
 .debug_aranges
                0x00000198       0x20 ./boot/vector_tbl.o
 .debug_aranges
                0x000001b8       0x20 ./application/usermain.o
 .debug_aranges
                0x000001d8       0x20 C:/Users/anpan/AppData/Roaming/xPacks/@xpack-dev-tools/arm-none-eabi-gcc/14.2.1-1.1.1/.content/bin/../lib/gcc/arm-none-eabi/14.2.1/thumb/v6-m/nofp\libgcc.a(_udivsi3.o)
 .debug_aranges
                0x000001f8       0x20 C:/Users/anpan/AppData/Roaming/xPacks/@xpack-dev-tools/arm-none-eabi-gcc/14.2.1-1.1.1/.content/bin/../lib/gcc/arm-none-eabi/14.2.1/thumb/v6-m/nofp\libgcc.a(_dvmd_tls.o)
 .debug_aranges
                0x00000218       0x20 C:/Users/anpan/AppData/Roaming/xPacks/@xpack-dev-tools/arm-none-eabi-gcc/14.2.1-1.1.1/.content/bin/../lib/gcc/arm-none-eabi/14.2.1/thumb/v6-m/nofp\libgcc.a(_aeabi_uldivmod.o)
 .debug_aranges
                0x00000238       0x20 C:/Users/anpan/AppData/Roaming/xPacks/@xpack-dev-tools/arm-none-eabi-gcc/14.2.1-1.1.1/.content/bin/../lib/gcc/arm-none-eabi/14.2.1/thumb/v6-m/nofp\libgcc.a(_udivmoddi4.o)
 .debug_aranges
                0x00000258       0x20 C:/Users/anpan/AppData/Roaming/xPacks/@xpack-dev-tools/arm-none-eabi-gcc/14.2.1-1.1.1/.content/bin/../lib/gcc/arm-none-eabi/14.2.1/thumb/v6-m/nofp\libgcc.a(_clzdi2.o)
 .debug_aranges
                0x00000278       0x20 C:/Users/anpan/AppData/Roaming/xPacks/@xpack-dev-tools/arm-none-eabi-gcc/14.2.1-1.1.1/.content/bin/../lib/gcc/arm-none-eabi/14.2.1/thumb/v6-m/nofp\libgcc.a(_clzsi2.o)

.debug_macro    0x00000000     0x17d6
 .debug_macro   0x00000000       0x4e ./kernel/context.o
 .debug_macro   0x0000004e      0xa96 ./kernel/context.o
 .debug_macro   0x00000ae4      0x34e ./kernel/context.o
 .debug_macro   0x00000e32       0x16 ./kernel/context.o
 .debug_macro   0x00000e48      0x2f9 ./kernel/context.o
 .debug_macro   0x00001141       0x28 ./kernel/context.o
 .debug_macro   0x00001169       0x16 ./kernel/context.o
 .debug_macro   0x0000117f       0x71 ./kernel/eventflag.o
 .debug_macro   0x000011f0       0x22 ./kernel/eventflag.o
 .debug_macro   0x00001212       0x8e ./kernel/eventflag.o
 .debug_macro   0x000012a0       0x8e ./kernel/eventflag.o
 .debug_macro   0x0000132e       0x71 ./kernel/inittsk.o
 .debug_macro   0x0000139f       0x71 ./kernel/scheduler.o
 .debug_macro   0x00001410       0x71 ./kernel/semaphore.o
 .debug_macro   0x00001481       0x71 ./kernel/syslib.o
 .debug_macro   0x000014f2       0x71 ./kernel/systimer.o
 .debug_macro   0x00001563       0x71 ./kernel/task_mange.o
 .debug_macro   0x000015d4       0x71 ./kernel/task_queue.o
 .debug_macro   0x00001645       0x71 ./kernel/task_sync.o
 .debug_macro   0x000016b6       0x11 ./boot/boot2.o
 .debug_macro   0x000016c7       0x54 ./boot/reset_hdr.o
 .debug_macro   0x0000171b       0x4e ./boot/vector_tbl.o
 .debug_macro   0x00001769       0x6d ./application/usermain.o

.debug_line     0x00000000     0x222e
 .debug_line    0x00000000      0x162 ./kernel/context.o
 .debug_line    0x00000162       0x7b ./kernel/dispatch.o
 .debug_line    0x000001dd      0x388 ./kernel/eventflag.o
 .debug_line    0x00000565      0x191 ./kernel/inittsk.o
 .debug_line    0x000006f6      0x1eb ./kernel/scheduler.o
 .debug_line    0x000008e1      0x2fb ./kernel/semaphore.o
 .debug_line    0x00000bdc      0x1ca ./kernel/syslib.o
 .debug_line    0x00000da6      0x1b9 ./kernel/systimer.o
 .debug_line    0x00000f5f      0x295 ./kernel/task_mange.o
 .debug_line    0x000011f4      0x1f4 ./kernel/task_queue.o
 .debug_line    0x000013e8      0x2a4 ./kernel/task_sync.o
 .debug_line    0x0000168c       0x30 ./boot/boot2.o
 .debug_line    0x000016bc      0x3d1 ./boot/reset_hdr.o
 .debug_line    0x00001a8d      0x148 ./boot/vector_tbl.o
 .debug_line    0x00001bd5      0x2aa ./application/usermain.o
 .debug_line    0x00001e7f       0x56 C:/Users/anpan/AppData/Roaming/xPacks/@xpack-dev-tools/arm-none-eabi-gcc/14.2.1-1.1.1/.content/bin/../lib/gcc/arm-none-eabi/14.2.1/thumb/v6-m/nofp\libgcc.a(_udivsi3.o)
 .debug_line    0x00001ed5       0x4a C:/Users/anpan/AppData/Roaming/xPacks/@xpack-dev-tools/arm-none-eabi-gcc/14.2.1-1.1.1/.content/bin/../lib/gcc/arm-none-eabi/14.2.1/thumb/v6-m/nofp\libgcc.a(_dvmd_tls.o)
 .debug_line    0x00001f1f       0x55 C:/Users/anpan/AppData/Roaming/xPacks/@xpack-dev-tools/arm-none-eabi-gcc/14.2.1-1.1.1/.content/bin/../lib/gcc/arm-none-eabi/14.2.1/thumb/v6-m/nofp\libgcc.a(_aeabi_uldivmod.o)
 .debug_line    0x00001f74      0x208 C:/Users/anpan/AppData/Roaming/xPacks/@xpack-dev-tools/arm-none-eabi-gcc/14.2.1-1.1.1/.content/bin/../lib/gcc/arm-none-eabi/14.2.1/thumb/v6-m/nofp\libgcc.a(_udivmoddi4.o)
 .debug_line    0x0000217c       0x54 C:/Users/anpan/AppData/Roaming/xPacks/@xpack-dev-tools/arm-none-eabi-gcc/14.2.1-1.1.1/.content/bin/../lib/gcc/arm-none-eabi/14.2.1/thumb/v6-m/nofp\libgcc.a(_clzdi2.o)
 .debug_line    0x000021d0       0x5e C:/Users/anpan/AppData/Roaming/xPacks/@xpack-dev-tools/arm-none-eabi-gcc/14.2.1-1.1.1/.content/bin/../lib/gcc/arm-none-eabi/14.2.1/thumb/v6-m/nofp\libgcc.a(_clzsi2.o)

.debug_str      0x00000000     0x53c0
 .debug_str     0x00000000     0x53c0 ./kernel/context.o
                               0x43ea (size before relaxing)
 .debug_str     0x000053c0       0x4f ./kernel/dispatch.o
 .debug_str     0x000053c0     0x48b4 ./kernel/eventflag.o
 .debug_str     0x000053c0     0x473e ./kernel/inittsk.o
 .debug_str     0x000053c0     0x47d3 ./kernel/scheduler.o
 .debug_str     0x000053c0     0x48a1 ./kernel/semaphore.o
 .debug_str     0x000053c0     0x46bd ./kernel/syslib.o
 .debug_str     0x000053c0     0x47cd ./kernel/systimer.o
 .debug_str     0x000053c0     0x483d ./kernel/task_mange.o
 .debug_str     0x000053c0     0x47bf ./kernel/task_queue.o
 .debug_str     0x000053c0     0x4833 ./kernel/task_sync.o
 .debug_str     0x000053c0     0x2d1e ./boot/boot2.o
 .debug_str     0x000053c0     0x452e ./boot/reset_hdr.o
 .debug_str     0x000053c0     0x4403 ./boot/vector_tbl.o
 .debug_str     0x000053c0     0x484c ./application/usermain.o
 .debug_str     0x000053c0      0x155 C:/Users/anpan/AppData/Roaming/xPacks/@xpack-dev-tools/arm-none-eabi-gcc/14.2.1-1.1.1/.content/bin/../lib/gcc/arm-none-eabi/14.2.1/thumb/v6-m/nofp\libgcc.a(_udivsi3.o)
 .debug_str     0x000053c0      0x156 C:/Users/anpan/AppData/Roaming/xPacks/@xpack-dev-tools/arm-none-eabi-gcc/14.2.1-1.1.1/.content/bin/../lib/gcc/arm-none-eabi/14.2.1/thumb/v6-m/nofp\libgcc.a(_dvmd_tls.o)
 .debug_str     0x000053c0      0x14b C:/Users/anpan/AppData/Roaming/xPacks/@xpack-dev-tools/arm-none-eabi-gcc/14.2.1-1.1.1/.content/bin/../lib/gcc/arm-none-eabi/14.2.1/thumb/v6-m/nofp\libgcc.a(_aeabi_uldivmod.o)
 .debug_str     0x000053c0      0x70e C:/Users/anpan/AppData/Roaming/xPacks/@xpack-dev-tools/arm-none-eabi-gcc/14.2.1-1.1.1/.content/bin/../lib/gcc/arm-none-eabi/14.2.1/thumb/v6-m/nofp\libgcc.a(_udivmoddi4.o)
 .debug_str     0x000053c0      0x13a C:/Users/anpan/AppData/Roaming/xPacks/@xpack-dev-tools/arm-none-eabi-gcc/14.2.1-1.1.1/.content/bin/../lib/gcc/arm-none-eabi/14.2.1/thumb/v6-m/nofp\libgcc.a(_clzdi2.o)
 .debug_str     0x000053c0      0x143 C:/Users/anpan/AppData/Roaming/xPacks/@xpack-dev-tools/arm-none-eabi-gcc/14.2.1-1.1.1/.content/bin/../lib/gcc/arm-none-eabi/14.2.1/thumb/v6-m/nofp\libgcc.a(_clzsi2.o)

.comment        0x00000000       0x39
 .comment       0x00000000       0x39 ./kernel/context.o
                                 0x3a (size before relaxing)
 .comment       0x00000039       0x3a ./kernel/eventflag.o
 .comment       0x00000039       0x3a ./kernel/inittsk.o
 .comment       0x00000039       0x3a ./kernel/scheduler.o
 .comment       0x00000039       0x3a ./kernel/semaphore.o
 .comment       0x00000039       0x3a ./kernel/syslib.o
 .comment       0x00000039       0x3a ./kernel/systimer.o
 .comment       0x00000039       0x3a ./kernel/task_mange.o
 .comment       0x00000039       0x3a ./kernel/task_queue.o
 .comment       0x00000039       0x3a ./kernel/task_sync.o
 .comment       0x00000039       0x3a ./boot/boot2.o
 .comment       0x00000039       0x3a ./boot/reset_hdr.o
 .comment       0x00000039       0x3a ./boot/vector_tbl.o
 .comment       0x00000039       0x3a ./application/usermain.o
 .comment       0x00000039       0x3a C:/Users/anpan/AppData/Roaming/xPacks/@xpack-dev-tools/arm-none-eabi-gcc/14.2.1-1.1.1/.content/bin/../lib/gcc/arm-none-eabi/14.2.1/thumb/v6-m/nofp\libgcc.a(_udivmoddi4.o)

.ARM.attributes
                0x00000000       0x2a
 .ARM.attributes
                0x00000000       0x2c ./kernel/context.o
 .ARM.attributes
                0x0000002c       0x1c ./kernel/dispatch.o
 .ARM.attributes
                0x00000048       0x2c ./kernel/eventflag.o
 .ARM.attributes
                0x00000074       0x2c ./kernel/inittsk.o
 .ARM.attributes
                0x000000a0       0x2c ./kernel/scheduler.o
 .ARM.attributes
                0x000000cc       0x2c ./kernel/semaphore.o
 .ARM.attributes
                0x000000f8       0x2c ./kernel/syslib.o
 .ARM.attributes
                0x00000124       0x2c ./kernel/systimer.o
 .ARM.attributes
                0x00000150       0x2c ./kernel/task_mange.o
 .ARM.attributes
                0x0000017c       0x2c ./kernel/task_queue.o
 .ARM.attributes
                0x000001a8       0x2c ./kernel/task_sync.o
 .ARM.attributes
                0x000001d4       0x2c ./boot/boot2.o
 .ARM.attributes
                0x00000200       0x2c ./boot/reset_hdr.o
 .ARM.attributes
                0x0000022c       0x2c ./boot/vector_tbl.o
 .ARM.attributes
                0x00000258       0x2c ./application/usermain.o
 .ARM.attributes
                0x00000284       0x1e C:/Users/anpan/AppData/Roaming/xPacks/@xpack-dev-tools/arm-none-eabi-gcc/14.2.1-1.1.1/.content/bin/../lib/gcc/arm-none-eabi/14.2.1/thumb/v6-m/nofp\libgcc.a(_udivsi3.o)
 .ARM.attributes
                0x000002a2       0x1e C:/Users/anpan/AppData/Roaming/xPacks/@xpack-dev-tools/arm-none-eabi-gcc/14.2.1-1.1.1/.content/bin/../lib/gcc/arm-none-eabi/14.2.1/thumb/v6-m/nofp\libgcc.a(_dvmd_tls.o)
 .ARM.attributes
                0x000002c0       0x1e C:/Users/anpan/AppData/Roaming/xPacks/@xpack-dev-tools/arm-none-eabi-gcc/14.2.1-1.1.1/.content/bin/../lib/gcc/arm-none-eabi/14.2.1/thumb/v6-m/nofp\libgcc.a(_aeabi_uldivmod.o)
 .ARM.attributes
                0x000002de       0x2c C:/Users/anpan/AppData/Roaming/xPacks/@xpack-dev-tools/arm-none-eabi-gcc/14.2.1-1.1.1/.content/bin/../lib/gcc/arm-none-eabi/14.2.1/thumb/v6-m/nofp\libgcc.a(_udivmoddi4.o)
 .ARM.attributes
                0x0000030a       0x1e C:/Users/anpan/AppData/Roaming/xPacks/@xpack-dev-tools/arm-none-eabi-gcc/14.2.1-1.1.1/.content/bin/../lib/gcc/arm-none-eabi/14.2.1/thumb/v6-m/nofp\libgcc.a(_clzdi2.o)
 .ARM.attributes
                0x00000328       0x1e C:/Users/anpan/AppData/Roaming/xPacks/@xpack-dev-tools/arm-none-eabi-gcc/14.2.1-1.1.1/.content/bin/../lib/gcc/arm-none-eabi/14.2.1/thumb/v6-m/nofp\libgcc.a(_clzsi2.o)

.debug_frame    0x00000000      0x814
 .debug_frame   0x00000000       0x30 ./kernel/context.o
 .debug_frame   0x00000030       0xf0 ./kernel/eventflag.o
 .debug_frame   0x00000120       0x4c ./kernel/inittsk.o
 .debug_frame   0x0000016c       0x6c ./kernel/scheduler.o
 .debug_frame   0x000001d8       0xb0 ./kernel/semaphore.o
 .debug_frame   0x00000288       0x8c ./kernel/syslib.o
 .debug_frame   0x00000314       0x30 ./kernel/systimer.o
 .debug_frame   0x00000344       0xb0 ./kernel/task_mange.o
 .debug_frame   0x000003f4       0x70 ./kernel/task_queue.o
 .debug_frame   0x00000464       0xb0 ./kernel/task_sync.o
 .debug_frame   0x00000514      0x1ac ./boot/reset_hdr.o
 .debug_frame   0x000006c0       0x2c ./boot/vector_tbl.o
 .debug_frame   0x000006ec       0xcc ./application/usermain.o
 .debug_frame   0x000007b8       0x20 C:/Users/anpan/AppData/Roaming/xPacks/@xpack-dev-tools/arm-none-eabi-gcc/14.2.1-1.1.1/.content/bin/../lib/gcc/arm-none-eabi/14.2.1/thumb/v6-m/nofp\libgcc.a(_udivsi3.o)
 .debug_frame   0x000007d8       0x3c C:/Users/anpan/AppData/Roaming/xPacks/@xpack-dev-tools/arm-none-eabi-gcc/14.2.1-1.1.1/.content/bin/../lib/gcc/arm-none-eabi/14.2.1/thumb/v6-m/nofp\libgcc.a(_udivmoddi4.o)

.debug_line_str
                0x00000000      0x179
 .debug_line_str
                0x00000000      0x179 ./kernel/dispatch.o
                                 0x41 (size before relaxing)
 .debug_line_str
                0x00000179      0x12c C:/Users/anpan/AppData/Roaming/xPacks/@xpack-dev-tools/arm-none-eabi-gcc/14.2.1-1.1.1/.content/bin/../lib/gcc/arm-none-eabi/14.2.1/thumb/v6-m/nofp\libgcc.a(_udivsi3.o)
 .debug_line_str
                0x00000179      0x12c C:/Users/anpan/AppData/Roaming/xPacks/@xpack-dev-tools/arm-none-eabi-gcc/14.2.1-1.1.1/.content/bin/../lib/gcc/arm-none-eabi/14.2.1/thumb/v6-m/nofp\libgcc.a(_dvmd_tls.o)
 .debug_line_str
                0x00000179      0x12c C:/Users/anpan/AppData/Roaming/xPacks/@xpack-dev-tools/arm-none-eabi-gcc/14.2.1-1.1.1/.content/bin/../lib/gcc/arm-none-eabi/14.2.1/thumb/v6-m/nofp\libgcc.a(_aeabi_uldivmod.o)
 .debug_line_str
                0x00000179      0x12c C:/Users/anpan/AppData/Roaming/xPacks/@xpack-dev-tools/arm-none-eabi-gcc/14.2.1-1.1.1/.content/bin/../lib/gcc/arm-none-eabi/14.2.1/thumb/v6-m/nofp\libgcc.a(_clzdi2.o)
 .debug_line_str
                0x00000179      0x12c C:/Users/anpan/AppData/Roaming/xPacks/@xpack-dev-tools/arm-none-eabi-gcc/14.2.1-1.1.1/.content/bin/../lib/gcc/arm-none-eabi/14.2.1/thumb/v6-m/nofp\libgcc.a(_clzsi2.o)

.debug_loclists
                0x00000000      0x2dc
 .debug_loclists
                0x00000000      0x2dc C:/Users/anpan/AppData/Roaming/xPacks/@xpack-dev-tools/arm-none-eabi-gcc/14.2.1-1.1.1/.content/bin/../lib/gcc/arm-none-eabi/14.2.1/thumb/v6-m/nofp\libgcc.a(_udivmoddi4.o)

.debug_rnglists
                0x00000000       0x14
 .debug_rnglists
                0x00000000       0x14 C:/Users/anpan/AppData/Roaming/xPacks/@xpack-dev-tools/arm-none-eabi-gcc/14.2.1-1.1.1/.content/bin/../lib/gcc/arm-none-eabi/14.2.1/thumb/v6-m/nofp\libgcc.a(_udivmoddi4.o)
